[31-Mar-2026 06:16:45 Europe/Berlin] PHP Fatal error:  Uncaught ArgumentCountError: The number of elements in the type definition string must match the number of bind variables in C:\xampp\htdocs\Profiling\sto.rosario\officials\add_officials.php:333
Stack trace:
#0 C:\xampp\htdocs\Profiling\sto.rosario\officials\add_officials.php(333): mysqli_stmt->bind_param('sssssssisssssss...', 'ReanJay', '$2y$10$/2y9V9r/...', 'Rean', 'Mon', 'Cambs', '2003-11-11', 'Davao City', 22, 'Male', 'Single', 'Filipino', '+639473560811', 'AB-', 'Roman Catholic', 'Cebuano', NULL, NULL, 3, 'SK Chairman', 'Education and C...', 'Active', 'Yes', '2026-03-31', '2030-11-22', 0, '009', 'Purok 10', 'Sto. Rosario', 'Magallanes', 'Agusan Del Nort...', 'Student', 100000.0, 1000000.0, 'Son', 2, 'College', '4th Year', 'CSUCC', 'Owned', 'Concrete', 'With Flush', 'Level 3 (Piped)', 'No', 'No', 'No', 'No', 'No', NULL, 'No', NULL, 'No', 'No', 'No', 'No', 'No', 'No', 'No', 'No', '1774930605_69cb...')
#1 {main}
  thrown in C:\xampp\htdocs\Profiling\sto.rosario\officials\add_officials.php on line 333
[05-Apr-2026 12:03:54 Europe/Berlin] PHP Fatal error:  Uncaught mysqli_sql_exception: Unknown column 'blood_type' in 'field list' in C:\xampp\htdocs\Profiling\sto.rosario\officials\add_officials.php:333
Stack trace:
#0 C:\xampp\htdocs\Profiling\sto.rosario\officials\add_officials.php(333): mysqli->prepare('\r\n    INSERT IN...')
#1 {main}
  thrown in C:\xampp\htdocs\Profiling\sto.rosario\officials\add_officials.php on line 333
[05-Apr-2026 12:08:59 Europe/Berlin] PHP Fatal error:  Uncaught mysqli_sql_exception: Unknown column 'blood_type' in 'field list' in C:\xampp\htdocs\Profiling\sto.rosario\officials\add_officials.php:333
Stack trace:
#0 C:\xampp\htdocs\Profiling\sto.rosario\officials\add_officials.php(333): mysqli->prepare('\r\n    INSERT IN...')
#1 {main}
  thrown in C:\xampp\htdocs\Profiling\sto.rosario\officials\add_officials.php on line 333
[05-Apr-2026 12:09:01 Europe/Berlin] PHP Fatal error:  Uncaught mysqli_sql_exception: Unknown column 'blood_type' in 'field list' in C:\xampp\htdocs\Profiling\sto.rosario\officials\add_officials.php:333
Stack trace:
#0 C:\xampp\htdocs\Profiling\sto.rosario\officials\add_officials.php(333): mysqli->prepare('\r\n    INSERT IN...')
#1 {main}
  thrown in C:\xampp\htdocs\Profiling\sto.rosario\officials\add_officials.php on line 333
[05-Apr-2026 12:16:08 Europe/Berlin] PHP Fatal error:  Uncaught mysqli_sql_exception: Unknown column 'blood_type' in 'field list' in C:\xampp\htdocs\Profiling\sto.rosario\officials\add_officials.php:331
Stack trace:
#0 C:\xampp\htdocs\Profiling\sto.rosario\officials\add_officials.php(331): mysqli->prepare('\r\n    INSERT IN...')
#1 {main}
  thrown in C:\xampp\htdocs\Profiling\sto.rosario\officials\add_officials.php on line 331
[05-Apr-2026 12:16:13 Europe/Berlin] PHP Fatal error:  Uncaught mysqli_sql_exception: Unknown column 'blood_type' in 'field list' in C:\xampp\htdocs\Profiling\sto.rosario\officials\add_officials.php:331
Stack trace:
#0 C:\xampp\htdocs\Profiling\sto.rosario\officials\add_officials.php(331): mysqli->prepare('\r\n    INSERT IN...')
#1 {main}
  thrown in C:\xampp\htdocs\Profiling\sto.rosario\officials\add_officials.php on line 331
