[17-Apr-2026 06:21:16 Europe/Berlin] PHP Fatal error:  Uncaught mysqli_sql_exception: Illegal mix of collations for operation 'UNION' in C:\xampp\htdocs\Profiling\sto.rosario\officials\add_residents.php:24
Stack trace:
#0 C:\xampp\htdocs\Profiling\sto.rosario\officials\add_residents.php(24): mysqli->prepare('\r\n    SELECT 'R...')
#1 {main}
  thrown in C:\xampp\htdocs\Profiling\sto.rosario\officials\add_residents.php on line 24
[17-Apr-2026 06:21:23 Europe/Berlin] PHP Fatal error:  Uncaught mysqli_sql_exception: Illegal mix of collations for operation 'UNION' in C:\xampp\htdocs\Profiling\sto.rosario\officials\add_residents.php:24
Stack trace:
#0 C:\xampp\htdocs\Profiling\sto.rosario\officials\add_residents.php(24): mysqli->prepare('\r\n    SELECT 'R...')
#1 {main}
  thrown in C:\xampp\htdocs\Profiling\sto.rosario\officials\add_residents.php on line 24
[17-Apr-2026 06:22:00 Europe/Berlin] PHP Fatal error:  Uncaught mysqli_sql_exception: Illegal mix of collations for operation 'UNION' in C:\xampp\htdocs\Profiling\sto.rosario\officials\add_residents.php:24
Stack trace:
#0 C:\xampp\htdocs\Profiling\sto.rosario\officials\add_residents.php(24): mysqli->prepare('\r\n    SELECT 'R...')
#1 {main}
  thrown in C:\xampp\htdocs\Profiling\sto.rosario\officials\add_residents.php on line 24
[17-Apr-2026 06:22:01 Europe/Berlin] PHP Fatal error:  Uncaught mysqli_sql_exception: Illegal mix of collations for operation 'UNION' in C:\xampp\htdocs\Profiling\sto.rosario\officials\add_residents.php:24
Stack trace:
#0 C:\xampp\htdocs\Profiling\sto.rosario\officials\add_residents.php(24): mysqli->prepare('\r\n    SELECT 'R...')
#1 {main}
  thrown in C:\xampp\htdocs\Profiling\sto.rosario\officials\add_residents.php on line 24
[17-Apr-2026 06:22:57 Europe/Berlin] PHP Fatal error:  Uncaught mysqli_sql_exception: Illegal mix of collations for operation 'UNION' in C:\xampp\htdocs\Profiling\sto.rosario\officials\add_residents.php:24
Stack trace:
#0 C:\xampp\htdocs\Profiling\sto.rosario\officials\add_residents.php(24): mysqli->prepare('\r\n    SELECT 'R...')
#1 {main}
  thrown in C:\xampp\htdocs\Profiling\sto.rosario\officials\add_residents.php on line 24
[17-Apr-2026 06:23:00 Europe/Berlin] PHP Fatal error:  Uncaught mysqli_sql_exception: Illegal mix of collations for operation 'UNION' in C:\xampp\htdocs\Profiling\sto.rosario\officials\add_residents.php:24
Stack trace:
#0 C:\xampp\htdocs\Profiling\sto.rosario\officials\add_residents.php(24): mysqli->prepare('\r\n    SELECT 'R...')
#1 {main}
  thrown in C:\xampp\htdocs\Profiling\sto.rosario\officials\add_residents.php on line 24
[17-Apr-2026 06:23:47 Europe/Berlin] PHP Fatal error:  Uncaught mysqli_sql_exception: Illegal mix of collations for operation 'UNION' in C:\xampp\htdocs\Profiling\sto.rosario\officials\add_residents.php:24
Stack trace:
#0 C:\xampp\htdocs\Profiling\sto.rosario\officials\add_residents.php(24): mysqli->prepare('\r\n    SELECT 'R...')
#1 {main}
  thrown in C:\xampp\htdocs\Profiling\sto.rosario\officials\add_residents.php on line 24
[17-Apr-2026 06:23:48 Europe/Berlin] PHP Fatal error:  Uncaught mysqli_sql_exception: Illegal mix of collations for operation 'UNION' in C:\xampp\htdocs\Profiling\sto.rosario\officials\add_residents.php:24
Stack trace:
#0 C:\xampp\htdocs\Profiling\sto.rosario\officials\add_residents.php(24): mysqli->prepare('\r\n    SELECT 'R...')
#1 {main}
  thrown in C:\xampp\htdocs\Profiling\sto.rosario\officials\add_residents.php on line 24
[17-Apr-2026 06:23:58 Europe/Berlin] PHP Fatal error:  Uncaught mysqli_sql_exception: Illegal mix of collations for operation 'UNION' in C:\xampp\htdocs\Profiling\sto.rosario\officials\add_residents.php:24
Stack trace:
#0 C:\xampp\htdocs\Profiling\sto.rosario\officials\add_residents.php(24): mysqli->prepare('\r\n    SELECT 'R...')
#1 {main}
  thrown in C:\xampp\htdocs\Profiling\sto.rosario\officials\add_residents.php on line 24
[17-Apr-2026 06:26:05 Europe/Berlin] PHP Fatal error:  Uncaught mysqli_sql_exception: Illegal mix of collations for operation 'UNION' in C:\xampp\htdocs\Profiling\sto.rosario\officials\add_residents.php:24
Stack trace:
#0 C:\xampp\htdocs\Profiling\sto.rosario\officials\add_residents.php(24): mysqli->prepare('\r\n    SELECT 'R...')
#1 {main}
  thrown in C:\xampp\htdocs\Profiling\sto.rosario\officials\add_residents.php on line 24
[17-Apr-2026 06:26:09 Europe/Berlin] PHP Fatal error:  Uncaught mysqli_sql_exception: Illegal mix of collations for operation 'UNION' in C:\xampp\htdocs\Profiling\sto.rosario\officials\add_residents.php:24
Stack trace:
#0 C:\xampp\htdocs\Profiling\sto.rosario\officials\add_residents.php(24): mysqli->prepare('\r\n    SELECT 'R...')
#1 {main}
  thrown in C:\xampp\htdocs\Profiling\sto.rosario\officials\add_residents.php on line 24
[17-Apr-2026 06:26:44 Europe/Berlin] PHP Fatal error:  Uncaught mysqli_sql_exception: Illegal mix of collations for operation 'UNION' in C:\xampp\htdocs\Profiling\sto.rosario\officials\add_residents.php:24
Stack trace:
#0 C:\xampp\htdocs\Profiling\sto.rosario\officials\add_residents.php(24): mysqli->prepare('\r\n    SELECT 'R...')
#1 {main}
  thrown in C:\xampp\htdocs\Profiling\sto.rosario\officials\add_residents.php on line 24
[17-Apr-2026 06:29:03 Europe/Berlin] PHP Fatal error:  Uncaught mysqli_sql_exception: Illegal mix of collations for operation 'UNION' in C:\xampp\htdocs\Profiling\sto.rosario\officials\add_residents.php:24
Stack trace:
#0 C:\xampp\htdocs\Profiling\sto.rosario\officials\add_residents.php(24): mysqli->prepare('\r\n    SELECT 'R...')
#1 {main}
  thrown in C:\xampp\htdocs\Profiling\sto.rosario\officials\add_residents.php on line 24
