[04-Apr-2026 09:07:33 Europe/Berlin] PHP Fatal error:  Uncaught mysqli_sql_exception: Unknown column 'blood_type' in 'field list' in C:\xampp\htdocs\Profiling\sto.rosario\officials\update_official.php:331
Stack trace:
#0 C:\xampp\htdocs\Profiling\sto.rosario\officials\update_official.php(331): mysqli->prepare('\r\n    UPDATE ba...')
#1 {main}
  thrown in C:\xampp\htdocs\Profiling\sto.rosario\officials\update_official.php on line 331
[04-Apr-2026 09:07:38 Europe/Berlin] PHP Fatal error:  Uncaught mysqli_sql_exception: Unknown column 'blood_type' in 'field list' in C:\xampp\htdocs\Profiling\sto.rosario\officials\update_official.php:331
Stack trace:
#0 C:\xampp\htdocs\Profiling\sto.rosario\officials\update_official.php(331): mysqli->prepare('\r\n    UPDATE ba...')
#1 {main}
  thrown in C:\xampp\htdocs\Profiling\sto.rosario\officials\update_official.php on line 331
[04-Apr-2026 09:07:54 Europe/Berlin] PHP Fatal error:  Uncaught mysqli_sql_exception: Unknown column 'blood_type' in 'field list' in C:\xampp\htdocs\Profiling\sto.rosario\officials\update_official.php:331
Stack trace:
#0 C:\xampp\htdocs\Profiling\sto.rosario\officials\update_official.php(331): mysqli->prepare('\r\n    UPDATE ba...')
#1 {main}
  thrown in C:\xampp\htdocs\Profiling\sto.rosario\officials\update_official.php on line 331
[04-Apr-2026 09:07:57 Europe/Berlin] PHP Fatal error:  Uncaught mysqli_sql_exception: Unknown column 'blood_type' in 'field list' in C:\xampp\htdocs\Profiling\sto.rosario\officials\update_official.php:331
Stack trace:
#0 C:\xampp\htdocs\Profiling\sto.rosario\officials\update_official.php(331): mysqli->prepare('\r\n    UPDATE ba...')
#1 {main}
  thrown in C:\xampp\htdocs\Profiling\sto.rosario\officials\update_official.php on line 331
[04-Apr-2026 09:44:24 Europe/Berlin] PHP Fatal error:  Uncaught mysqli_sql_exception: Unknown column 'blood_type' in 'field list' in C:\xampp\htdocs\Profiling\sto.rosario\officials\update_official.php:331
Stack trace:
#0 C:\xampp\htdocs\Profiling\sto.rosario\officials\update_official.php(331): mysqli->prepare('\r\n    UPDATE ba...')
#1 {main}
  thrown in C:\xampp\htdocs\Profiling\sto.rosario\officials\update_official.php on line 331
[04-Apr-2026 09:44:31 Europe/Berlin] PHP Fatal error:  Uncaught mysqli_sql_exception: Unknown column 'blood_type' in 'field list' in C:\xampp\htdocs\Profiling\sto.rosario\officials\update_official.php:331
Stack trace:
#0 C:\xampp\htdocs\Profiling\sto.rosario\officials\update_official.php(331): mysqli->prepare('\r\n    UPDATE ba...')
#1 {main}
  thrown in C:\xampp\htdocs\Profiling\sto.rosario\officials\update_official.php on line 331
[04-Apr-2026 09:44:33 Europe/Berlin] PHP Fatal error:  Uncaught mysqli_sql_exception: Unknown column 'blood_type' in 'field list' in C:\xampp\htdocs\Profiling\sto.rosario\officials\update_official.php:331
Stack trace:
#0 C:\xampp\htdocs\Profiling\sto.rosario\officials\update_official.php(331): mysqli->prepare('\r\n    UPDATE ba...')
#1 {main}
  thrown in C:\xampp\htdocs\Profiling\sto.rosario\officials\update_official.php on line 331
[17-Apr-2026 07:10:33 Europe/Berlin] PHP Fatal error:  Uncaught mysqli_sql_exception: Duplicate entry 'Jane-Esma-1990-08-14' for key 'uq_official_identity' in C:\xampp\htdocs\Profiling\sto.rosario\officials\update_official.php:427
Stack trace:
#0 C:\xampp\htdocs\Profiling\sto.rosario\officials\update_official.php(427): mysqli_stmt->execute()
#1 {main}
  thrown in C:\xampp\htdocs\Profiling\sto.rosario\officials\update_official.php on line 427
[17-Apr-2026 07:10:38 Europe/Berlin] PHP Fatal error:  Uncaught mysqli_sql_exception: Duplicate entry 'Jane-Esma-1990-08-14' for key 'uq_official_identity' in C:\xampp\htdocs\Profiling\sto.rosario\officials\update_official.php:427
Stack trace:
#0 C:\xampp\htdocs\Profiling\sto.rosario\officials\update_official.php(427): mysqli_stmt->execute()
#1 {main}
  thrown in C:\xampp\htdocs\Profiling\sto.rosario\officials\update_official.php on line 427
[17-Apr-2026 07:22:24 Europe/Berlin] UPDATE OFFICIAL EXCEPTION: Duplicate entry 'Jane-Esma-1990-08-14' for key 'uq_official_identity'
[17-Apr-2026 07:27:14 Europe/Berlin] UPDATE OFFICIAL EXCEPTION: Duplicate entry 'Jane-Esma-1990-08-14' for key 'uq_official_identity'
