[20-Mar-2026 02:33:55 Europe/Berlin] PHP Fatal error:  Uncaught ArgumentCountError: The number of elements in the type definition string must match the number of bind variables in C:\xampp\htdocs\Profiling\sto.rosario\resident\register_account.php:205
Stack trace:
#0 C:\xampp\htdocs\Profiling\sto.rosario\resident\register_account.php(205): mysqli_stmt->bind_param('ssssssissssssss...', 'Rean', '$2y$10$vGCjCsR8...', 'Rean', 'Monte', 'Camblinda', '2003-11-11', 'Sta.Cruz Manila', 22, 'Male', 'Single', 'Filipino', 'Roman Catholic', 'Cebuano', 'Unknown', NULL, NULL, 'Purok 10', 'Sto. Rosario', 'Magallanes', 'Agusan Del Nort...', 'Yes', 'College', 1, 'No', NULL, 'No', NULL, 'No', '+639473560821', 'Student', 0.0, 0.0, 'Son', 'Owned', 'Concrete', 'With Flush', 'Level 3 (Piped)', 'Yes', 'No', 'No', 'No', 'No', 'No', 'No', 'No', 'No', 'No', 'No', 'Government', 'No', '1773970435_69bc...')
#1 {main}
  thrown in C:\xampp\htdocs\Profiling\sto.rosario\resident\register_account.php on line 205
[20-Mar-2026 02:34:08 Europe/Berlin] PHP Fatal error:  Uncaught ArgumentCountError: The number of elements in the type definition string must match the number of bind variables in C:\xampp\htdocs\Profiling\sto.rosario\resident\register_account.php:205
Stack trace:
#0 C:\xampp\htdocs\Profiling\sto.rosario\resident\register_account.php(205): mysqli_stmt->bind_param('ssssssissssssss...', 'Rean', '$2y$10$xnLLZCtk...', 'Rean', 'Monte', 'Camblinda', '2003-11-11', 'Sta.Cruz Manila', 22, 'Male', 'Single', 'Filipino', 'Roman Catholic', 'Cebuano', 'Unknown', NULL, NULL, 'Purok 10', 'Sto. Rosario', 'Magallanes', 'Agusan Del Nort...', 'Yes', 'College', 1, 'No', NULL, 'No', NULL, 'No', '+639473560821', 'Student', 0.0, 0.0, 'Son', 'Owned', 'Concrete', 'With Flush', 'Level 3 (Piped)', 'Yes', 'No', 'No', 'No', 'No', 'No', 'No', 'No', 'No', 'No', 'No', 'Government', 'No', '1773970448_69bc...')
#1 {main}
  thrown in C:\xampp\htdocs\Profiling\sto.rosario\resident\register_account.php on line 205
[20-Mar-2026 02:42:56 Europe/Berlin] PHP Fatal error:  Uncaught ArgumentCountError: The number of elements in the type definition string must match the number of bind variables in C:\xampp\htdocs\Profiling\sto.rosario\resident\register_account.php:205
Stack trace:
#0 C:\xampp\htdocs\Profiling\sto.rosario\resident\register_account.php(205): mysqli_stmt->bind_param('ssssssissssssss...', 'Rean', '$2y$10$yyWRgpDR...', 'Rean', 'Monte', 'Camblinda', '2003-11-11', 'Sta.Cruz Manila', 22, 'Male', 'Single', 'Filipino', 'Roman Catholic', 'Cebuano', 'Unknown', NULL, NULL, 'Purok 10', 'Sto. Rosario', 'Magallanes', 'Agusan Del Nort...', 'Yes', 'College', 1, 'No', NULL, 'No', NULL, 'No', '+639473560821', 'Student', 0.0, 0.0, 'Son', 'Owned', 'Concrete', 'With Flush', 'Level 3 (Piped)', 'Yes', 'No', 'No', 'No', 'No', 'No', 'No', 'No', 'No', 'No', 'No', 'Government', 'No', '1773970976_69bc...')
#1 {main}
  thrown in C:\xampp\htdocs\Profiling\sto.rosario\resident\register_account.php on line 205
[20-Mar-2026 02:42:58 Europe/Berlin] PHP Fatal error:  Uncaught ArgumentCountError: The number of elements in the type definition string must match the number of bind variables in C:\xampp\htdocs\Profiling\sto.rosario\resident\register_account.php:205
Stack trace:
#0 C:\xampp\htdocs\Profiling\sto.rosario\resident\register_account.php(205): mysqli_stmt->bind_param('ssssssissssssss...', 'Rean', '$2y$10$HSJ7eCzr...', 'Rean', 'Monte', 'Camblinda', '2003-11-11', 'Sta.Cruz Manila', 22, 'Male', 'Single', 'Filipino', 'Roman Catholic', 'Cebuano', 'Unknown', NULL, NULL, 'Purok 10', 'Sto. Rosario', 'Magallanes', 'Agusan Del Nort...', 'Yes', 'College', 1, 'No', NULL, 'No', NULL, 'No', '+639473560821', 'Student', 0.0, 0.0, 'Son', 'Owned', 'Concrete', 'With Flush', 'Level 3 (Piped)', 'Yes', 'No', 'No', 'No', 'No', 'No', 'No', 'No', 'No', 'No', 'No', 'Government', 'No', '1773970978_69bc...')
#1 {main}
  thrown in C:\xampp\htdocs\Profiling\sto.rosario\resident\register_account.php on line 205
[20-Mar-2026 02:50:51 Europe/Berlin] PHP Fatal error:  Uncaught ArgumentCountError: The number of elements in the type definition string must match the number of bind variables in C:\xampp\htdocs\Profiling\sto.rosario\resident\register_account.php:205
Stack trace:
#0 C:\xampp\htdocs\Profiling\sto.rosario\resident\register_account.php(205): mysqli_stmt->bind_param('sssssssisssssss...', 'Rean', '$2y$10$Cu4mA5XD...', 'Rean', 'Monte', 'Camblinda', '2003-11-11', 'Sta.Cruz Manila', 22, 'Male', 'Single', 'Filipino', 'Roman Catholic', 'Cebuano', 'Unknown', NULL, NULL, 'Purok 10', 'Sto. Rosario', 'Magallanes', 'Agusan Del Nort...', 'Yes', 'College', 1, 'No', NULL, 'No', NULL, 'No', '+639473560821', 'Student', 0.0, 0.0, 'Son', 'Owned', 'Concrete', 'With Flush', 'Level 3 (Piped)', 'Yes', 'No', 'No', 'No', 'No', 'No', 'No', 'No', 'No', 'No', 'No', 'Government', 'No', '1773971451_69bc...')
#1 {main}
  thrown in C:\xampp\htdocs\Profiling\sto.rosario\resident\register_account.php on line 205
[20-Mar-2026 02:50:53 Europe/Berlin] PHP Fatal error:  Uncaught ArgumentCountError: The number of elements in the type definition string must match the number of bind variables in C:\xampp\htdocs\Profiling\sto.rosario\resident\register_account.php:205
Stack trace:
#0 C:\xampp\htdocs\Profiling\sto.rosario\resident\register_account.php(205): mysqli_stmt->bind_param('sssssssisssssss...', 'Rean', '$2y$10$Dl3JSo8M...', 'Rean', 'Monte', 'Camblinda', '2003-11-11', 'Sta.Cruz Manila', 22, 'Male', 'Single', 'Filipino', 'Roman Catholic', 'Cebuano', 'Unknown', NULL, NULL, 'Purok 10', 'Sto. Rosario', 'Magallanes', 'Agusan Del Nort...', 'Yes', 'College', 1, 'No', NULL, 'No', NULL, 'No', '+639473560821', 'Student', 0.0, 0.0, 'Son', 'Owned', 'Concrete', 'With Flush', 'Level 3 (Piped)', 'Yes', 'No', 'No', 'No', 'No', 'No', 'No', 'No', 'No', 'No', 'No', 'Government', 'No', '1773971453_69bc...')
#1 {main}
  thrown in C:\xampp\htdocs\Profiling\sto.rosario\resident\register_account.php on line 205
[20-Mar-2026 02:51:42 Europe/Berlin] PHP Fatal error:  Uncaught ArgumentCountError: The number of elements in the type definition string must match the number of bind variables in C:\xampp\htdocs\Profiling\sto.rosario\resident\register_account.php:205
Stack trace:
#0 C:\xampp\htdocs\Profiling\sto.rosario\resident\register_account.php(205): mysqli_stmt->bind_param('sssssssisssssss...', 'Rean', '$2y$10$ehP6Z.40...', 'Rean', 'Monte', 'Camblinda', '2003-11-11', 'Sta.Cruz Manila', 22, 'Male', 'Single', 'Filipino', 'Roman Catholic', 'Cebuano', 'Unknown', NULL, NULL, 'Purok 10', 'Sto. Rosario', 'Magallanes', 'Agusan Del Nort...', 'Yes', 'College', 1, 'No', NULL, 'No', NULL, 'No', '+639473560821', 'Student', 0.0, 0.0, 'Son', 'Owned', 'Concrete', 'With Flush', 'Level 3 (Piped)', 'Yes', 'No', 'No', 'No', 'No', 'No', 'No', 'No', 'No', 'No', 'No', 'Government', 'No', '1773971502_69bc...')
#1 {main}
  thrown in C:\xampp\htdocs\Profiling\sto.rosario\resident\register_account.php on line 205
[20-Mar-2026 02:54:33 Europe/Berlin] PHP Fatal error:  Uncaught ArgumentCountError: The number of elements in the type definition string must match the number of bind variables in C:\xampp\htdocs\Profiling\sto.rosario\resident\register_account.php:205
Stack trace:
#0 C:\xampp\htdocs\Profiling\sto.rosario\resident\register_account.php(205): mysqli_stmt->bind_param('sssssssisssssss...', 'Rean', '$2y$10$hM9H0CAK...', 'Rean', 'Monte', 'Camblinda', '2003-11-11', 'Sta.Cruz Manila', 22, 'Male', 'Single', 'Filipino', 'Roman Catholic', 'Cebuano', 'Unknown', NULL, NULL, 'Purok 10', 'Sto. Rosario', 'Magallanes', 'Agusan Del Nort...', 'Yes', 'College', 1, 'No', NULL, 'No', NULL, 'No', '+639473560821', 'Student', 0.0, 0.0, 'Son', 'Owned', 'Concrete', 'With Flush', 'Level 3 (Piped)', 'Yes', 'No', 'No', 'No', 'No', 'No', 'No', 'No', 'No', 'No', 'No', 'Government', 'No', '1773971673_69bc...')
#1 {main}
  thrown in C:\xampp\htdocs\Profiling\sto.rosario\resident\register_account.php on line 205
[20-Mar-2026 02:55:19 Europe/Berlin] PHP Fatal error:  Uncaught ArgumentCountError: The number of elements in the type definition string must match the number of bind variables in C:\xampp\htdocs\Profiling\sto.rosario\resident\register_account.php:205
Stack trace:
#0 C:\xampp\htdocs\Profiling\sto.rosario\resident\register_account.php(205): mysqli_stmt->bind_param('sssssssisssssss...', 'Rean', '$2y$10$ArBXViLT...', 'Rean', 'Monte', 'Camblinda', '2003-11-11', 'Sta.Cruz Manila', 22, 'Male', 'Single', 'Filipino', 'Roman Catholic', 'Cebuano', 'Unknown', NULL, NULL, 'Purok 10', 'Sto. Rosario', 'Magallanes', 'Agusan Del Nort...', 'Yes', 'College', 1, 'No', NULL, 'No', NULL, 'No', '+639473560821', 'Student', 0.0, 0.0, 'Son', 'Owned', 'Concrete', 'With Flush', 'Level 3 (Piped)', 'Yes', 'No', 'No', 'No', 'No', 'No', 'No', 'No', 'No', 'No', 'No', 'Government', 'No', '1773971719_69bc...')
#1 {main}
  thrown in C:\xampp\htdocs\Profiling\sto.rosario\resident\register_account.php on line 205
[20-Mar-2026 02:55:20 Europe/Berlin] PHP Fatal error:  Uncaught ArgumentCountError: The number of elements in the type definition string must match the number of bind variables in C:\xampp\htdocs\Profiling\sto.rosario\resident\register_account.php:205
Stack trace:
#0 C:\xampp\htdocs\Profiling\sto.rosario\resident\register_account.php(205): mysqli_stmt->bind_param('sssssssisssssss...', 'Rean', '$2y$10$Ql1SLElr...', 'Rean', 'Monte', 'Camblinda', '2003-11-11', 'Sta.Cruz Manila', 22, 'Male', 'Single', 'Filipino', 'Roman Catholic', 'Cebuano', 'Unknown', NULL, NULL, 'Purok 10', 'Sto. Rosario', 'Magallanes', 'Agusan Del Nort...', 'Yes', 'College', 1, 'No', NULL, 'No', NULL, 'No', '+639473560821', 'Student', 0.0, 0.0, 'Son', 'Owned', 'Concrete', 'With Flush', 'Level 3 (Piped)', 'Yes', 'No', 'No', 'No', 'No', 'No', 'No', 'No', 'No', 'No', 'No', 'Government', 'No', '1773971720_69bc...')
#1 {main}
  thrown in C:\xampp\htdocs\Profiling\sto.rosario\resident\register_account.php on line 205
[30-Mar-2026 07:09:23 Europe/Berlin] PHP Warning:  Cannot modify header information - headers already sent by (output started at C:\xampp\htdocs\Profiling\sto.rosario\officials\hybrid_assets.php:103) in C:\xampp\htdocs\Profiling\sto.rosario\resident\register_account.php on line 275
[30-Mar-2026 07:13:27 Europe/Berlin] PHP Warning:  Cannot modify header information - headers already sent by (output started at C:\xampp\htdocs\Profiling\sto.rosario\officials\hybrid_assets.php:103) in C:\xampp\htdocs\Profiling\sto.rosario\resident\register_account.php on line 275
[30-Mar-2026 07:22:09 Europe/Berlin] PHP Warning:  Cannot modify header information - headers already sent by (output started at C:\xampp\htdocs\Profiling\sto.rosario\officials\hybrid_assets.php:103) in C:\xampp\htdocs\Profiling\sto.rosario\resident\register_account.php on line 275
[05-Apr-2026 06:49:07 Europe/Berlin] PHP Warning:  Cannot modify header information - headers already sent by (output started at C:\xampp\htdocs\Profiling\sto.rosario\officials\hybrid_assets.php:14) in C:\xampp\htdocs\Profiling\sto.rosario\resident\register_account.php on line 346
[05-Apr-2026 06:53:29 Europe/Berlin] PHP Warning:  Cannot modify header information - headers already sent by (output started at C:\xampp\htdocs\Profiling\sto.rosario\officials\hybrid_assets.php:14) in C:\xampp\htdocs\Profiling\sto.rosario\resident\register_account.php on line 346
